// Jest Snapshot v1, https://goo.gl/fbAQLP

exports[`<NotFoundPage/ > should render component 1`] = `
<p>
  Not Found
</p>
`;
